..........F...........                                                   [100%]
=================================== FAILURES ===================================
________ test_checkpoint_can_use_closing_reserve_without_extending_work ________

tmp_path = PosixPath('/tmp/pytest-of-ichurri/pytest-4/test_checkpoint_can_use_closin0')

    def test_checkpoint_can_use_closing_reserve_without_extending_work(tmp_path):
        from btc_risk_rl.pilots.budget import CampaignLedger
    
        t = 1790222400
        with CampaignLedger(tmp_path, now=t, identity="synthetic") as ledger:
            ledger.preflight_done(t + 10)
            stop = ledger.day["work_deadline"]
            ledger.begin("r0", "iteration", stop - 100)
            ledger.finish(stop + 60, resources={}, condition="C0", work_ended=stop - 1, work_seconds=99)
            assert ledger.state["status"] == "ready"
>           assert ledger.required("C0", "iteration") == 148.5
E           AssertionError: assert 240.0 == 148.5
E            +  where 240.0 = required('C0', 'iteration')
E            +    where required = <btc_risk_rl.pilots.budget.CampaignLedger object at 0x7fd7ed5340b0>.required

tests/test_p0_budget.py:176: AssertionError
=========================== short test summary info ============================
FAILED tests/test_p0_budget.py::test_checkpoint_can_use_closing_reserve_without_extending_work
1 failed, 21 passed in 9.43s
