FFFF                                                                     [100%]
=================================== FAILURES ===================================
__________ test_training_view_has_only_training_and_keeps_all_indices __________

accepted_synthetic = (Config(schema_version=2, status='initial_working_not_confirmatory', data=DataConfig(symbol='BTCUSDT', interval='4h', ...ulator-synthetic-accepted0/out'), PosixPath('/tmp/pytest-of-ichurri/pytest-0/simulator-synthetic-accepted0/diagnosis'))

    def test_training_view_has_only_training_and_keeps_all_indices(accepted_synthetic):
>       from btc_risk_rl.agents.market_source import TrainingMarket
E       ModuleNotFoundError: No module named 'btc_risk_rl.agents.market_source'

tests/test_h5_market.py:10: ModuleNotFoundError
_________ test_market_collection_uniform_frozen_and_optimizer_blocked __________

accepted_synthetic = (Config(schema_version=2, status='initial_working_not_confirmatory', data=DataConfig(symbol='BTCUSDT', interval='4h', ...ulator-synthetic-accepted0/out'), PosixPath('/tmp/pytest-of-ichurri/pytest-0/simulator-synthetic-accepted0/diagnosis'))

    def test_market_collection_uniform_frozen_and_optimizer_blocked(accepted_synthetic):
        from btc_risk_rl.agents.collector import Collector
>       from btc_risk_rl.agents.market_source import TrainingMarket
E       ModuleNotFoundError: No module named 'btc_risk_rl.agents.market_source'

tests/test_h5_market.py:30: ModuleNotFoundError
______________ test_manifest_anchor_and_file_corruption_rejected _______________

accepted_synthetic = (Config(schema_version=2, status='initial_working_not_confirmatory', data=DataConfig(symbol='BTCUSDT', interval='4h', ...ulator-synthetic-accepted0/out'), PosixPath('/tmp/pytest-of-ichurri/pytest-0/simulator-synthetic-accepted0/diagnosis'))
tmp_path = PosixPath('/tmp/pytest-of-ichurri/pytest-0/test_manifest_anchor_and_file_0')

    def test_manifest_anchor_and_file_corruption_rejected(accepted_synthetic,tmp_path):
        import shutil
>       from btc_risk_rl.agents.market_source import TrainingMarket
E       ModuleNotFoundError: No module named 'btc_risk_rl.agents.market_source'

tests/test_h5_market.py:51: ModuleNotFoundError
____________ test_pilot_command_cannot_be_authorized_by_input_file _____________

tmp_path = PosixPath('/tmp/pytest-of-ichurri/pytest-0/test_pilot_command_cannot_be_a0')

    def test_pilot_command_cannot_be_authorized_by_input_file(tmp_path):
        import subprocess,sys
        p=tmp_path/"protocol.json"
        p.write_text(json.dumps({"authorized":True}))
        result=subprocess.run([sys.executable,"scripts/run_pilot.py","--protocol",str(p)],
                              capture_output=True,text=True)
>       assert result.returncode==2 and "blocked" in result.stdout
E       assert (2 == 2 and 'blocked' in '')
E        +  where 2 = CompletedProcess(args=['/home/ichurri/Desktop/personal_projects/btc-risk-rl/.venv/bin/python3', 'scripts/run_pilot.py'...ile '/home/ichurri/Desktop/personal_projects/btc-risk-rl/scripts/run_pilot.py': [Errno 2] No such file or directory\n").returncode
E        +  and   '' = CompletedProcess(args=['/home/ichurri/Desktop/personal_projects/btc-risk-rl/.venv/bin/python3', 'scripts/run_pilot.py'...ile '/home/ichurri/Desktop/personal_projects/btc-risk-rl/scripts/run_pilot.py': [Errno 2] No such file or directory\n").stdout

tests/test_h5_market.py:71: AssertionError
=========================== short test summary info ============================
FAILED tests/test_h5_market.py::test_training_view_has_only_training_and_keeps_all_indices
FAILED tests/test_h5_market.py::test_market_collection_uniform_frozen_and_optimizer_blocked
FAILED tests/test_h5_market.py::test_manifest_anchor_and_file_corruption_rejected
FAILED tests/test_h5_market.py::test_pilot_command_cannot_be_authorized_by_input_file
4 failed in 1.96s
