   Building btc-risk-rl @ file:///home/ichurri/Desktop/personal_projects/btc-risk-rl
Downloading pydantic-core (2.0MiB)
Downloading pygments (1.2MiB)
Downloading ruff (9.8MiB)
Downloading numpy (15.9MiB)
Downloading pandas (11.8MiB)
 Downloaded pygments
 Downloaded pydantic-core
      Built btc-risk-rl @ file:///home/ichurri/Desktop/personal_projects/btc-risk-rl
 Downloaded ruff
 Downloaded pandas
 Downloaded numpy
Prepared 21 packages in 17.04s
warning: Failed to hardlink files; falling back to full copy. This may lead to degraded performance.
         If the cache and target directories are on different filesystems, hardlinking may not be supported.
         If this is intentional, set `export UV_LINK_MODE=copy` or use `--link-mode=copy` to suppress this warning.
Installed 21 packages in 151ms
 + annotated-types==0.8.0
 + btc-risk-rl==0.1.0 (from file:///home/ichurri/Desktop/personal_projects/btc-risk-rl)
 + cloudpickle==3.1.2
 + farama-notifications==0.0.6
 + gymnasium==1.3.0
 + iniconfig==2.3.0
 + numpy==2.5.3
 + packaging==26.3
 + pandas==2.3.3
 + pluggy==1.6.0
 + pydantic==2.13.5
 + pydantic-core==2.46.5
 + pygments==2.21.0
 + pytest==9.1.1
 + python-dateutil==2.9.0.post0
 + pytz==2026.3.post1
 + ruff==0.16.8
 + six==1.17.0
 + typing-extensions==4.16.0
 + typing-inspection==0.4.4
 + tzdata==2026.4
