.............FFFFF                                                       [100%]
=================================== FAILURES ===================================
_________________ test_pipeline_acceptance_and_readonly_audit __________________

config = Config(schema_version=1, status='initial_working_not_confirmatory', data=DataConfig(symbol='BTCUSDT', interval='4h', t.../ Max-Q', 'vram_gib_estimate': 6, 'vram_verified': False, 'compute_hours_per_day': 3, 'execution': 'local_and_remote'})
tmp_path = PosixPath('/tmp/pytest-of-ichurri/pytest-5/test_pipeline_acceptance_and_r0')
monkeypatch = <_pytest.monkeypatch.MonkeyPatch object at 0x7f652ebe82c0>

    def test_pipeline_acceptance_and_readonly_audit(config, tmp_path, monkeypatch):
>       from btc_risk_rl.data.segmented_audit import verify_segmented
E       ModuleNotFoundError: No module named 'btc_risk_rl.data.segmented_audit'

tests/test_segmentation.py:217: ModuleNotFoundError
____ test_artifact_tampering_is_rejected_even_if_hash_updated[episodes.csv] ____

config = Config(schema_version=1, status='initial_working_not_confirmatory', data=DataConfig(symbol='BTCUSDT', interval='4h', t.../ Max-Q', 'vram_gib_estimate': 6, 'vram_verified': False, 'compute_hours_per_day': 3, 'execution': 'local_and_remote'})
tmp_path = PosixPath('/tmp/pytest-of-ichurri/pytest-5/test_artifact_tampering_is_rej0')
target = 'episodes.csv'

    @pytest.mark.parametrize("target", ["episodes.csv", "observations.csv", "scaler.json"])
    def test_artifact_tampering_is_rejected_even_if_hash_updated(config, tmp_path, target):
        from btc_risk_rl.data.binance import sha256
>       from btc_risk_rl.data.segmented_audit import verify_segmented
E       ModuleNotFoundError: No module named 'btc_risk_rl.data.segmented_audit'

tests/test_segmentation.py:244: ModuleNotFoundError
__ test_artifact_tampering_is_rejected_even_if_hash_updated[observations.csv] __

config = Config(schema_version=1, status='initial_working_not_confirmatory', data=DataConfig(symbol='BTCUSDT', interval='4h', t.../ Max-Q', 'vram_gib_estimate': 6, 'vram_verified': False, 'compute_hours_per_day': 3, 'execution': 'local_and_remote'})
tmp_path = PosixPath('/tmp/pytest-of-ichurri/pytest-5/test_artifact_tampering_is_rej1')
target = 'observations.csv'

    @pytest.mark.parametrize("target", ["episodes.csv", "observations.csv", "scaler.json"])
    def test_artifact_tampering_is_rejected_even_if_hash_updated(config, tmp_path, target):
        from btc_risk_rl.data.binance import sha256
>       from btc_risk_rl.data.segmented_audit import verify_segmented
E       ModuleNotFoundError: No module named 'btc_risk_rl.data.segmented_audit'

tests/test_segmentation.py:244: ModuleNotFoundError
____ test_artifact_tampering_is_rejected_even_if_hash_updated[scaler.json] _____

config = Config(schema_version=1, status='initial_working_not_confirmatory', data=DataConfig(symbol='BTCUSDT', interval='4h', t.../ Max-Q', 'vram_gib_estimate': 6, 'vram_verified': False, 'compute_hours_per_day': 3, 'execution': 'local_and_remote'})
tmp_path = PosixPath('/tmp/pytest-of-ichurri/pytest-5/test_artifact_tampering_is_rej2')
target = 'scaler.json'

    @pytest.mark.parametrize("target", ["episodes.csv", "observations.csv", "scaler.json"])
    def test_artifact_tampering_is_rejected_even_if_hash_updated(config, tmp_path, target):
        from btc_risk_rl.data.binance import sha256
>       from btc_risk_rl.data.segmented_audit import verify_segmented
E       ModuleNotFoundError: No module named 'btc_risk_rl.data.segmented_audit'

tests/test_segmentation.py:244: ModuleNotFoundError
_____________ test_final_manifest_is_blocked_before_reading_pages ______________

config = Config(schema_version=1, status='initial_working_not_confirmatory', data=DataConfig(symbol='BTCUSDT', interval='4h', t.../ Max-Q', 'vram_gib_estimate': 6, 'vram_verified': False, 'compute_hours_per_day': 3, 'execution': 'local_and_remote'})
tmp_path = PosixPath('/tmp/pytest-of-ichurri/pytest-5/test_final_manifest_is_blocked0')
monkeypatch = <_pytest.monkeypatch.MonkeyPatch object at 0x7f652eb8f200>

    def test_final_manifest_is_blocked_before_reading_pages(config, tmp_path, monkeypatch):
        from btc_risk_rl.data import binance
>       from btc_risk_rl.data.segmented_pipeline import prepare_segmented
E       ModuleNotFoundError: No module named 'btc_risk_rl.data.segmented_pipeline'

tests/test_segmentation.py:271: ModuleNotFoundError
=========================== short test summary info ============================
FAILED tests/test_segmentation.py::test_pipeline_acceptance_and_readonly_audit
FAILED tests/test_segmentation.py::test_artifact_tampering_is_rejected_even_if_hash_updated[episodes.csv]
FAILED tests/test_segmentation.py::test_artifact_tampering_is_rejected_even_if_hash_updated[observations.csv]
FAILED tests/test_segmentation.py::test_artifact_tampering_is_rejected_even_if_hash_updated[scaler.json]
FAILED tests/test_segmentation.py::test_final_manifest_is_blocked_before_reading_pages
5 failed, 13 passed in 0.83s
